Y	2709555	2709555	{"chromosomeID":"chrY","genomic_position":"2769555","genomic_position_after_liftOver":"2709555","index_of_major_allele":0,"index_of_minor_allele":1,"number_A":1349,"number_C":15,"number_G":4,"number_T":3,"estimatedMAF":"\"0.005165\"","isInDbSNP":0,"_landmark":"Y","_refAllele":"A","_altAlleles":["C"],"_minBP":2709555,"_maxBP":2709555,"_type":"variant","_id":"."}
Y	2829379	2829379	{"chromosomeID":"chrY","genomic_position":"2889379","genomic_position_after_liftOver":"2829379","index_of_major_allele":1,"index_of_minor_allele":3,"number_A":2,"number_C":2708,"number_G":0,"number_T":26,"estimatedMAF":"\"0.005001\"","isInDbSNP":0,"_landmark":"Y","_refAllele":"C","_altAlleles":["T"],"_minBP":2829379,"_maxBP":2829379,"_type":"variant","_id":"."}
Y	2843544	2843544	{"chromosomeID":"chrY","genomic_position":"2903544","genomic_position_after_liftOver":"2843544","index_of_major_allele":3,"index_of_minor_allele":1,"number_A":0,"number_C":17,"number_G":1,"number_T":648,"estimatedMAF":"\"0.048596\"","isInDbSNP":0,"_landmark":"Y","_refAllele":"T","_altAlleles":["C"],"_minBP":2843544,"_maxBP":2843544,"_type":"variant","_id":"."}
Y	3447245	3447245	{"chromosomeID":"chrY","genomic_position":"3507245","genomic_position_after_liftOver":"3447245","index_of_major_allele":2,"index_of_minor_allele":3,"number_A":1,"number_C":1,"number_G":642,"number_T":22,"estimatedMAF":"\"0.024978\"","isInDbSNP":0,"_landmark":"Y","_refAllele":"G","_altAlleles":["T"],"_minBP":3447245,"_maxBP":3447245,"_type":"variant","_id":"."}
Y	4968733	4968733	{"chromosomeID":"chrY","genomic_position":"5028733","genomic_position_after_liftOver":"4968733","index_of_major_allele":1,"index_of_minor_allele":3,"number_A":1,"number_C":1039,"number_G":0,"number_T":8,"estimatedMAF":"\"0.005215\"","isInDbSNP":0,"_landmark":"Y","_refAllele":"C","_altAlleles":["T"],"_minBP":4968733,"_maxBP":4968733,"_type":"variant","_id":"."}
Y	6948787	6948787	{"chromosomeID":"chrY","genomic_position":"7008787","genomic_position_after_liftOver":"6948787","index_of_major_allele":2,"index_of_minor_allele":0,"number_A":10,"number_C":0,"number_G":1119,"number_T":0,"estimatedMAF":"\"0.005967\"","isInDbSNP":0,"_landmark":"Y","_refAllele":"G","_altAlleles":["A"],"_minBP":6948787,"_maxBP":6948787,"_type":"variant","_id":"."}
Y	14832620	14832620	{"chromosomeID":"chrY","genomic_position":"13342014","genomic_position_after_liftOver":"14832620","index_of_major_allele":2,"index_of_minor_allele":3,"number_A":2,"number_C":0,"number_G":885,"number_T":6,"estimatedMAF":"\"0.004379\"","isInDbSNP":1,"_landmark":"Y","_refAllele":"G","_altAlleles":["T"],"_minBP":14832620,"_maxBP":14832620,"_type":"variant","_id":"."}
Y	14869183	14869183	{"chromosomeID":"chrY","genomic_position":"13378577","genomic_position_after_liftOver":"14869183","index_of_major_allele":3,"index_of_minor_allele":1,"number_A":1,"number_C":7,"number_G":0,"number_T":797,"estimatedMAF":"\"0.006718\"","isInDbSNP":0,"_landmark":"Y","_refAllele":"T","_altAlleles":["C"],"_minBP":14869183,"_maxBP":14869183,"_type":"variant","_id":"."}
Y	14891535	14891535	{"chromosomeID":"chrY","genomic_position":"13400929","genomic_position_after_liftOver":"14891535","index_of_major_allele":1,"index_of_minor_allele":3,"number_A":0,"number_C":1515,"number_G":2,"number_T":10,"estimatedMAF":"\"0.004984\"","isInDbSNP":0,"_landmark":"Y","_refAllele":"C","_altAlleles":["T"],"_minBP":14891535,"_maxBP":14891535,"_type":"variant","_id":"."}
Y	14898094	14898094	{"chromosomeID":"chrY","genomic_position":"13407488","genomic_position_after_liftOver":"14898094","index_of_major_allele":2,"index_of_minor_allele":0,"number_A":163,"number_C":2,"number_G":198,"number_T":0,"estimatedMAF":"\"0.469071\"","isInDbSNP":1,"_landmark":"Y","_refAllele":"A","_altAlleles":["G"],"_minBP":14898094,"_maxBP":14898094,"_type":"variant","_id":"."}
Y	14958218	14958218	{"chromosomeID":"chrY","genomic_position":"13467612","genomic_position_after_liftOver":"14958218","index_of_major_allele":3,"index_of_minor_allele":1,"number_A":0,"number_C":5,"number_G":2,"number_T":188,"estimatedMAF":"\"0.013204\"","isInDbSNP":1,"_landmark":"Y","_refAllele":"C","_altAlleles":["T"],"_minBP":14958218,"_maxBP":14958218,"_type":"variant","_id":"."}
Y	14958901	14958901	{"chromosomeID":"chrY","genomic_position":"13468295","genomic_position_after_liftOver":"14958901","index_of_major_allele":0,"index_of_minor_allele":1,"number_A":224,"number_C":12,"number_G":4,"number_T":0,"estimatedMAF":"\"0.050326\"","isInDbSNP":0,"_landmark":"Y","_refAllele":"A","_altAlleles":["C"],"_minBP":14958901,"_maxBP":14958901,"_type":"variant","_id":"."}
Y	14968722	14968722	{"chromosomeID":"chrY","genomic_position":"13478116","genomic_position_after_liftOver":"14968722","index_of_major_allele":3,"index_of_minor_allele":1,"number_A":1,"number_C":9,"number_G":0,"number_T":814,"estimatedMAF":"\"0.006235\"","isInDbSNP":0,"_landmark":"Y","_refAllele":"T","_altAlleles":["C"],"_minBP":14968722,"_maxBP":14968722,"_type":"variant","_id":"."}
Y	15026424	15026424	{"chromosomeID":"chrY","genomic_position":"13535818","genomic_position_after_liftOver":"15026424","index_of_major_allele":1,"index_of_minor_allele":0,"number_A":198,"number_C":220,"number_G":0,"number_T":2,"estimatedMAF":"\"0.472684\"","isInDbSNP":1,"_landmark":"Y","_refAllele":"A","_altAlleles":["C"],"_minBP":15026424,"_maxBP":15026424,"_type":"variant","_id":"."}
Y	15027529	15027529	{"chromosomeID":"chrY","genomic_position":"13536923","genomic_position_after_liftOver":"15027529","index_of_major_allele":2,"index_of_minor_allele":3,"number_A":1,"number_C":0,"number_G":374,"number_T":2,"estimatedMAF":"\"0.003921\"","isInDbSNP":1,"_landmark":"Y","_refAllele":"T","_altAlleles":["G"],"_minBP":15027529,"_maxBP":15027529,"_type":"variant","_id":"."}
Y	15028771	15028771	{"chromosomeID":"chrY","genomic_position":"13538165","genomic_position_after_liftOver":"15028771","index_of_major_allele":0,"index_of_minor_allele":2,"number_A":319,"number_C":2,"number_G":4,"number_T":0,"estimatedMAF":"\"0.008201\"","isInDbSNP":0,"_landmark":"Y","_refAllele":"A","_altAlleles":["G"],"_minBP":15028771,"_maxBP":15028771,"_type":"variant","_id":"."}
Y	15467824	15467824	{"chromosomeID":"chrY","genomic_position":"13977218","genomic_position_after_liftOver":"15467824","index_of_major_allele":0,"index_of_minor_allele":2,"number_A":492,"number_C":1,"number_G":5,"number_T":0,"estimatedMAF":"\"0.006136\"","isInDbSNP":1,"_landmark":"Y","_refAllele":"A","_altAlleles":["G"],"_minBP":15467824,"_maxBP":15467824,"_type":"variant","_id":"."}
Y	15469724	15469724	{"chromosomeID":"chrY","genomic_position":"13979118","genomic_position_after_liftOver":"15469724","index_of_major_allele":2,"index_of_minor_allele":0,"number_A":7,"number_C":1,"number_G":388,"number_T":0,"estimatedMAF":"\"0.013467\"","isInDbSNP":1,"_landmark":"Y","_refAllele":"G","_altAlleles":["A"],"_minBP":15469724,"_maxBP":15469724,"_type":"variant","_id":"."}
Y	15581983	15581983	{"chromosomeID":"chrY","genomic_position":"14091377","genomic_position_after_liftOver":"15581983","index_of_major_allele":2,"index_of_minor_allele":0,"number_A":389,"number_C":1,"number_G":688,"number_T":1,"estimatedMAF":"\"0.451675\"","isInDbSNP":1,"_landmark":"Y","_refAllele":"G","_altAlleles":["A"],"_minBP":15581983,"_maxBP":15581983,"_type":"variant","_id":"."}
Y	15591446	15591446	{"chromosomeID":"chrY","genomic_position":"14100840","genomic_position_after_liftOver":"15591446","index_of_major_allele":1,"index_of_minor_allele":2,"number_A":0,"number_C":907,"number_G":5,"number_T":1,"estimatedMAF":"\"0.004019\"","isInDbSNP":1,"_landmark":"Y","_refAllele":"C","_altAlleles":["G"],"_minBP":15591446,"_maxBP":15591446,"_type":"variant","_id":"."}
Y	15591537	15591537	{"chromosomeID":"chrY","genomic_position":"14100931","genomic_position_after_liftOver":"15591537","index_of_major_allele":2,"index_of_minor_allele":1,"number_A":0,"number_C":4,"number_G":518,"number_T":0,"estimatedMAF":"\"0.004865\"","isInDbSNP":1,"_landmark":"Y","_refAllele":"G","_altAlleles":["C"],"_minBP":15591537,"_maxBP":15591537,"_type":"variant","_id":"."}
Y	16941722	16941722	{"chromosomeID":"chrY","genomic_position":"15451116","genomic_position_after_liftOver":"16941722","index_of_major_allele":2,"index_of_minor_allele":3,"number_A":1,"number_C":0,"number_G":931,"number_T":24,"estimatedMAF":"\"0.014182\"","isInDbSNP":0,"_landmark":"Y","_refAllele":"G","_altAlleles":["T"],"_minBP":16941722,"_maxBP":16941722,"_type":"variant","_id":"."}
Y	21764212	21764212	{"chromosomeID":"chrY","genomic_position":"20223600","genomic_position_after_liftOver":"21764212","index_of_major_allele":1,"index_of_minor_allele":3,"number_A":0,"number_C":576,"number_G":0,"number_T":7,"estimatedMAF":"\"0.009574\"","isInDbSNP":0,"_landmark":"Y","_refAllele":"C","_altAlleles":["T"],"_minBP":21764212,"_maxBP":21764212,"_type":"variant","_id":"."}
Y	21867787	21867787	{"chromosomeID":"chrY","genomic_position":"20327175","genomic_position_after_liftOver":"21867787","index_of_major_allele":0,"index_of_minor_allele":2,"number_A":416,"number_C":0,"number_G":270,"number_T":0,"estimatedMAF":"\"0.446868\"","isInDbSNP":1,"_landmark":"Y","_refAllele":"A","_altAlleles":["G"],"_minBP":21867787,"_maxBP":21867787,"_type":"variant","_id":"."}
Y	21871549	21871549	{"chromosomeID":"chrY","genomic_position":"20330937","genomic_position_after_liftOver":"21871549","index_of_major_allele":1,"index_of_minor_allele":0,"number_A":3,"number_C":591,"number_G":0,"number_T":1,"estimatedMAF":"\"0.003695\"","isInDbSNP":0,"_landmark":"Y","_refAllele":"C","_altAlleles":["A"],"_minBP":21871549,"_maxBP":21871549,"_type":"variant","_id":"."}
Y	22749853	22749853	{"chromosomeID":"chrY","genomic_position":"21159241","genomic_position_after_liftOver":"22749853","index_of_major_allele":0,"index_of_minor_allele":1,"number_A":737,"number_C":11,"number_G":1,"number_T":0,"estimatedMAF":"\"0.019924\"","isInDbSNP":1,"_landmark":"Y","_refAllele":"A","_altAlleles":["C"],"_minBP":22749853,"_maxBP":22749853,"_type":"variant","_id":"."}
Y	25372617	25372617	{"chromosomeID":"chrY","genomic_position":"23782005","genomic_position_after_liftOver":"25372617","index_of_major_allele":2,"index_of_minor_allele":0,"number_A":3,"number_C":0,"number_G":12,"number_T":0,"estimatedMAF":"\"0.119482\"","isInDbSNP":0,"_landmark":"Y","_refAllele":"G","_altAlleles":["A"],"_minBP":25372617,"_maxBP":25372617,"_type":"variant","_id":"."}
