#CHROM	POS	VCF2VariantPipe	SameVariantPipe
17	41197708	{"CHROM":"17","POS":"41197708","ID":"rs201196020","REF":"T","ALT":"G","QUAL":".","FILTER":".","INFO":{".":true},"_id":"rs201196020","_type":"variant","_landmark":"17","_refAllele":"T","_altAlleles":["G"],"_minBP":41197708,"_maxBP":41197708}	{"chromosomeID":"chr17","genomic_position":"41197708","index_of_major_allele":3,"index_of_minor_allele":2,"number_A":2,"number_C":1,"number_G":127,"number_T":1253,"estimatedMAF":"0.091387","_type":"variant","_landmark":"17","_refAllele":"T","_altAlleles":["G"],"_minBP":41197708,"_maxBP":41197708,"_id":"."}
17	41215825	{"CHROM":"17","POS":"41215825","ID":"rs3092994","REF":"C","ALT":"T","QUAL":".","FILTER":".","INFO":{".":true},"_id":"rs3092994","_type":"variant","_landmark":"17","_refAllele":"C","_altAlleles":["T"],"_minBP":41215825,"_maxBP":41215825}	{"chromosomeID":"chr17","genomic_position":"41215825","index_of_major_allele":1,"index_of_minor_allele":3,"number_A":1,"number_C":1399,"number_G":2,"number_T":567,"estimatedMAF":"0.287959","_type":"variant","_landmark":"17","_refAllele":"C","_altAlleles":["T"],"_minBP":41215825,"_maxBP":41215825,"_id":"."}
17	41219560	{"CHROM":"17","POS":"41219560","ID":"rs8176235","REF":"C","ALT":"T","QUAL":".","FILTER":".","INFO":{".":true},"_id":"rs8176235","_type":"variant","_landmark":"17","_refAllele":"C","_altAlleles":["T"],"_minBP":41219560,"_maxBP":41219560}	{"chromosomeID":"chr17","genomic_position":"41219560","index_of_major_allele":1,"index_of_minor_allele":3,"number_A":3,"number_C":1919,"number_G":2,"number_T":656,"estimatedMAF":"0.241025","_type":"variant","_landmark":"17","_refAllele":"C","_altAlleles":["T"],"_minBP":41219560,"_maxBP":41219560,"_id":"."}
17	41222975	{"CHROM":"17","POS":"41222975","ID":"rs1799967","REF":"C","ALT":"T","QUAL":".","FILTER":".","INFO":{".":true},"_id":"rs1799967","_type":"variant","_landmark":"17","_refAllele":"C","_altAlleles":["T"],"_minBP":41222975,"_maxBP":41222975}	{"chromosomeID":"chr17","genomic_position":"41222975","index_of_major_allele":1,"index_of_minor_allele":3,"number_A":2,"number_C":4278,"number_G":0,"number_T":61,"estimatedMAF":"0.008867","_type":"variant","_landmark":"17","_refAllele":"C","_altAlleles":["T"],"_minBP":41222975,"_maxBP":41222975,"_id":"."}
17	41234470	{"CHROM":"17","POS":"41234470","ID":"rs1060915","REF":"A","ALT":"G","QUAL":".","FILTER":".","INFO":{".":true},"_id":"rs1060915","_type":"variant","_landmark":"17","_refAllele":"A","_altAlleles":["G"],"_minBP":41234470,"_maxBP":41234470}	{"chromosomeID":"chr17","genomic_position":"41234470","index_of_major_allele":0,"index_of_minor_allele":2,"number_A":4160,"number_C":2,"number_G":1557,"number_T":4,"estimatedMAF":"0.275641","_type":"variant","_landmark":"17","_refAllele":"A","_altAlleles":["G"],"_minBP":41234470,"_maxBP":41234470,"_id":"."}
17	41243509	{"CHROM":"17","POS":"41243509","ID":"rs28897689","REF":"T","ALT":"C","QUAL":".","FILTER":".","INFO":{".":true},"_id":"rs28897689","_type":"variant","_landmark":"17","_refAllele":"T","_altAlleles":["C"],"_minBP":41243509,"_maxBP":41243509}	{"chromosomeID":"chr17","genomic_position":"41243509","index_of_major_allele":3,"index_of_minor_allele":1,"number_A":0,"number_C":26,"number_G":0,"number_T":2361,"estimatedMAF":"0.009117","_type":"variant","_landmark":"17","_refAllele":"T","_altAlleles":["C"],"_minBP":41243509,"_maxBP":41243509,"_id":"."}
17	41243891	{"CHROM":"17","POS":"41243891","ID":"rs80356876","REF":"C","ALT":"G","QUAL":".","FILTER":".","INFO":{".":true},"_id":"rs80356876","_type":"variant","_landmark":"17","_refAllele":"C","_altAlleles":["G"],"_minBP":41243891,"_maxBP":41243891}	{"chromosomeID":"chr17","genomic_position":"41243891","index_of_major_allele":1,"index_of_minor_allele":2,"number_A":4,"number_C":3626,"number_G":12,"number_T":0,"estimatedMAF":"0.000000","_type":"variant","_landmark":"17","_refAllele":"C","_altAlleles":["G"],"_minBP":41243891,"_maxBP":41243891,"_id":"."}
17	41244000	{"CHROM":"17","POS":"41244000","ID":"rs16942","REF":"T","ALT":"C","QUAL":".","FILTER":".","INFO":{".":true},"_id":"rs16942","_type":"variant","_landmark":"17","_refAllele":"T","_altAlleles":["C"],"_minBP":41244000,"_maxBP":41244000}	{"chromosomeID":"chr17","genomic_position":"41244000","index_of_major_allele":3,"index_of_minor_allele":1,"number_A":2,"number_C":1113,"number_G":1,"number_T":2726,"estimatedMAF":"0.286308","_type":"variant","_landmark":"17","_refAllele":"T","_altAlleles":["C"],"_minBP":41244000,"_maxBP":41244000,"_id":"."}
17	41244130	{"CHROM":"17","POS":"41244130","ID":"rs2227945","REF":"T","ALT":"C","QUAL":".","FILTER":".","INFO":{".":true},"_id":"rs2227945","_type":"variant","_landmark":"17","_refAllele":"T","_altAlleles":["C"],"_minBP":41244130,"_maxBP":41244130}	{"chromosomeID":"chr17","genomic_position":"41244130","index_of_major_allele":3,"index_of_minor_allele":1,"number_A":1,"number_C":12,"number_G":1,"number_T":3154,"estimatedMAF":"0.000124","_type":"variant","_landmark":"17","_refAllele":"T","_altAlleles":["C"],"_minBP":41244130,"_maxBP":41244130,"_id":"."}
17	41244132	{"CHROM":"17","POS":"41244132","ID":"rs80357228","REF":"C","ALT":"A","QUAL":".","FILTER":".","INFO":{".":true},"_id":"rs80357228","_type":"variant","_landmark":"17","_refAllele":"C","_altAlleles":["A"],"_minBP":41244132,"_maxBP":41244132}	{"chromosomeID":"chr17","genomic_position":"41244132","index_of_major_allele":1,"index_of_minor_allele":0,"number_A":9,"number_C":3120,"number_G":1,"number_T":5,"estimatedMAF":"0.000000","_type":"variant","_landmark":"17","_refAllele":"C","_altAlleles":["A"],"_minBP":41244132,"_maxBP":41244132,"_id":"."}
17	41244246	{"CHROM":"17","POS":"41244246","ID":"rs41293447","REF":"C","ALT":"T","QUAL":".","FILTER":".","INFO":{".":true},"_id":"rs41293447","_type":"variant","_landmark":"17","_refAllele":"C","_altAlleles":["T"],"_minBP":41244246,"_maxBP":41244246}	{"chromosomeID":"chr17","genomic_position":"41244246","index_of_major_allele":1,"index_of_minor_allele":3,"number_A":7,"number_C":4195,"number_G":5,"number_T":21,"estimatedMAF":"0.000000","_type":"variant","_landmark":"17","_refAllele":"C","_altAlleles":["T"],"_minBP":41244246,"_maxBP":41244246,"_id":"."}
17	41244429	{"CHROM":"17","POS":"41244429","ID":"rs4986852","REF":"C","ALT":"T","QUAL":".","FILTER":".","INFO":{".":true},"_id":"rs4986852","_type":"variant","_landmark":"17","_refAllele":"C","_altAlleles":["T"],"_minBP":41244429,"_maxBP":41244429}	{"chromosomeID":"chr17","genomic_position":"41244429","index_of_major_allele":1,"index_of_minor_allele":3,"number_A":3,"number_C":3259,"number_G":3,"number_T":102,"estimatedMAF":"0.025935","_type":"variant","_landmark":"17","_refAllele":"C","_altAlleles":["T"],"_minBP":41244429,"_maxBP":41244429,"_id":"."}
17	41244435	{"CHROM":"17","POS":"41244435","ID":"rs16941","REF":"T","ALT":"C","QUAL":".","FILTER":".","INFO":{".":true},"_id":"rs16941","_type":"variant","_landmark":"17","_refAllele":"T","_altAlleles":["C"],"_minBP":41244435,"_maxBP":41244435}	{"chromosomeID":"chr17","genomic_position":"41244435","index_of_major_allele":3,"index_of_minor_allele":1,"number_A":1,"number_C":826,"number_G":3,"number_T":2480,"estimatedMAF":"0.265384","_type":"variant","_landmark":"17","_refAllele":"T","_altAlleles":["C"],"_minBP":41244435,"_maxBP":41244435,"_id":"."}
17	41245237	{"CHROM":"17","POS":"41245237","ID":"rs16940","REF":"A","ALT":"G","QUAL":".","FILTER":".","INFO":{".":true},"_id":"rs16940","_type":"variant","_landmark":"17","_refAllele":"A","_altAlleles":["G"],"_minBP":41245237,"_maxBP":41245237}	{"chromosomeID":"chr17","genomic_position":"41245237","index_of_major_allele":0,"index_of_minor_allele":2,"number_A":3096,"number_C":1,"number_G":1093,"number_T":0,"estimatedMAF":"0.280233","_type":"variant","_landmark":"17","_refAllele":"A","_altAlleles":["G"],"_minBP":41245237,"_maxBP":41245237,"_id":"."}
17	41245466	{"CHROM":"17","POS":"41245466","ID":"rs1799949","REF":"G","ALT":"A","QUAL":".","FILTER":".","INFO":{".":true},"_id":"rs1799949","_type":"variant","_landmark":"17","_refAllele":"G","_altAlleles":["A"],"_minBP":41245466,"_maxBP":41245466}	{"chromosomeID":"chr17","genomic_position":"41245466","index_of_major_allele":2,"index_of_minor_allele":0,"number_A":1031,"number_C":2,"number_G":3019,"number_T":43,"estimatedMAF":"0.276816","_type":"variant","_landmark":"17","_refAllele":"G","_altAlleles":["A"],"_minBP":41245466,"_maxBP":41245466,"_id":"."}
17	41245471	{"CHROM":"17","POS":"41245471","ID":"rs4986850","REF":"C","ALT":"T","QUAL":".","FILTER":".","INFO":{".":true},"_id":"rs4986850","_type":"variant","_landmark":"17","_refAllele":"C","_altAlleles":["T"],"_minBP":41245471,"_maxBP":41245471}	{"chromosomeID":"chr17","genomic_position":"41245471","index_of_major_allele":1,"index_of_minor_allele":3,"number_A":2,"number_C":4140,"number_G":12,"number_T":247,"estimatedMAF":"0.052664","_type":"variant","_landmark":"17","_refAllele":"C","_altAlleles":["T"],"_minBP":41245471,"_maxBP":41245471,"_id":"."}
17	41246481	{"CHROM":"17","POS":"41246481","ID":"rs1799950","REF":"T","ALT":"C","QUAL":".","FILTER":".","INFO":{".":true},"_id":"rs1799950","_type":"variant","_landmark":"17","_refAllele":"T","_altAlleles":["C"],"_minBP":41246481,"_maxBP":41246481}	{"chromosomeID":"chr17","genomic_position":"41246481","index_of_major_allele":3,"index_of_minor_allele":1,"number_A":2,"number_C":313,"number_G":0,"number_T":3448,"estimatedMAF":"0.079046","_type":"variant","_landmark":"17","_refAllele":"T","_altAlleles":["C"],"_minBP":41246481,"_maxBP":41246481,"_id":"."}
17	41256101	{"CHROM":"17","POS":"41256101","ID":"rs45456891","REF":"A","ALT":"G","QUAL":".","FILTER":".","INFO":{".":true},"_id":"rs45456891","_type":"variant","_landmark":"17","_refAllele":"A","_altAlleles":["G"],"_minBP":41256101,"_maxBP":41256101}	{"chromosomeID":"chr17","genomic_position":"41256101","index_of_major_allele":0,"index_of_minor_allele":2,"number_A":760,"number_C":1,"number_G":144,"number_T":2,"estimatedMAF":"0.192087","_type":"variant","_landmark":"17","_refAllele":"A","_altAlleles":["G"],"_minBP":41256101,"_maxBP":41256101,"_id":"."}
17	41256103	{"CHROM":"17","POS":"41256103","ID":"rs45569832","REF":"G","ALT":"A","QUAL":".","FILTER":".","INFO":{".":true},"_id":"rs45569832","_type":"variant","_landmark":"17","_refAllele":"G","_altAlleles":["A"],"_minBP":41256103,"_maxBP":41256103}	{"chromosomeID":"chr17","genomic_position":"41256103","index_of_major_allele":2,"index_of_minor_allele":0,"number_A":204,"number_C":0,"number_G":737,"number_T":0,"estimatedMAF":"0.232495","_type":"variant","_landmark":"17","_refAllele":"G","_altAlleles":["A"],"_minBP":41256103,"_maxBP":41256103,"_id":"."}
