22	43089756	43089757	{"A1BG":"A4GALT","ENST00000263100":"ENST00000249005","5":"18149","ME024T":"TCGA-AA-A022-01","1673893":"1651125","1586949":"1565912","NS":"adenocarcinoma","malignant_melanoma":"carcinoma","y":"y","226401":"188127","c.1132G>A":"c.201delC","p.D378N":"p.T68fs*46","Substitution_-_Missense":"Deletion - Frameshift","19:58861796-58861796":"22:43089757-43089757","-":"-","Variant_of_unknown_origin":"Confirmed somatic variant","surgery_-_NOS":"NS","metastasis":"NS","TNM:T2c":"Stage:II","_type":"variant","_landmark":"22","_refAllele":"TG","_altAlleles":["T"],"_minBP":43089756,"_maxBP":43089757,"_id":"."}
12	53702090	53702090	{"A1BG":"AAAS","ENST00000263100":"ENST00000209873","5":"13666","ME024T":"TCGA-AA-A01Q-01","1673893":"1651118","1586949":"1565905","NS":"adenocarcinoma","malignant_melanoma":"carcinoma","y":"y","226401":"300032","c.1132G>A":"c.1225_1226insG","p.D378N":"p.E409fs*17","Substitution_-_Missense":"Insertion - Frameshift","19:58861796-58861796":"12:53702089-53702090","-":"-","Variant_of_unknown_origin":"Confirmed somatic variant","22622578":"22810696","surgery_-_NOS":"NS","metastasis":"NS","TNM:T2c":"Stage:II","_type":"variant","_landmark":"12","_refAllele":"C","_altAlleles":["GC"],"_minBP":53702090,"_maxBP":53702090,"_id":"."}
3	151545548	151545553	{"A1BG":"AADAC","ENST00000263100":"ENST00000232892","5":"17","ME024T":"WA56","1673893":"1689700","1586949":"1597977","NS":"NS","malignant_melanoma":"carcinoma","y":"y","226401":"238611","c.1132G>A":"c.789_793delCATGC","p.D378N":"p.M264fs*17","Substitution_-_Missense":"Deletion - Frameshift","19:58861796-58861796":"3:151545549-151545553","-":"+","Variant_of_unknown_origin":"Confirmed somatic variant","22622578":"22722839","surgery_-_NOS":"autopsy - NOS","metastasis":"metastasis","TNM:T2c":"Metastatic site:lymph node","_type":"variant","_landmark":"3","_refAllele":"CCATGC","_altAlleles":["C"],"_minBP":151545548,"_maxBP":151545553,"_id":"."}
4	57220268	57220279	{"A1BG":"AASDH","ENST00000263100":"ENST00000205214","5":"23993","ME024T":"LAU149","1673893":"1675360","1586949":"1588299","NS":"superficial_spreading","malignant_melanoma":"malignant_melanoma","y":"y","226401":"250006","c.1132G>A":"c.1274_1285ins?","p.D378N":"p.?","Substitution_-_Missense":"Unknown","19:58861796-58861796":"4:57220268-57220279","-":"-","Variant_of_unknown_origin":"Confirmed somatic variant","22622578":"22197931","surgery_-_NOS":"cell-line","metastasis":"NS","_type":"variant","_landmark":"4","_refAllele":"N","_altAlleles":["N"],"_minBP":57220268,"_maxBP":57220279,"_id":"."}
4	57220268	57220279	{"A1BG":"AASDH","ENST00000263100":"ENST00000205214","5":"23993","ME024T":"LAU149","1673893":"1675360","1586949":"1588299","NS":"superficial_spreading","malignant_melanoma":"malignant_melanoma","y":"y","226401":"250006","c.1132G>A":"c.?","p.D378N":"p.?","Substitution_-_Missense":"Unknown","19:58861796-58861796":"4:57220268-57220279","-":"-","Variant_of_unknown_origin":"Confirmed somatic variant","22622578":"22197931","surgery_-_NOS":"cell-line","metastasis":"NS","_type":"variant","_landmark":"4","_refAllele":"N","_altAlleles":["N"],"_minBP":57220268,"_maxBP":57220279,"_id":"."}
17	79093271	79093271	{"A1BG":"AATK","ENST00000263100":"SU_LMR1","5":"21","ME024T":"TCGA-25-1320-01","1673893":"1475013","1586949":"1398712","NS":"serous_carcinoma","malignant_melanoma":"carcinoma","y":"y","226401":"111984","c.1132G>A":"c.3993_3994insACGCCC","p.D378N":"p.P1331_A1332insTP","Substitution_-_Missense":"Insertion - In frame","19:58861796-58861796":"17:79093270-79093271","-":"-","Variant_of_unknown_origin":"Confirmed somatic variant","22622578":"21720365","surgery_-_NOS":"NS","metastasis":"primary","_type":"variant","_landmark":"17","_refAllele":"G","_altAlleles":["CTGCGGG"],"_minBP":79093271,"_maxBP":79093271,"_id":"."}
