.	0	0	{"HGNC_ID":"HGNC:5","Approved_Symbol":"A1BG","Approved_Name":"alpha-1-B glycoprotein","Status":"Approved","Locus_Type":"gene with protein product","Locus_Group":"protein-coding gene","Previous_Symbols":[],"Previous_Names":[],"Synonyms":[],"Name_Synonyms":[],"Chromosome":"19q","Date_Approved":"1989-06-30","Date_Modified":"2010-07-08","Accession_Numbers":[],"Enzyme_IDs":[],"Entrez_Gene_ID":"1","Ensembl_Gene_ID":"ENSG00000121410","Specialist_Database_Links":"<!--,--> <!--,--> <!--,--> <!--,--> <!--,--> <!--,--> <!--,--> <!--,--> <!--,--> <a href=\"http://merops.sanger.ac.uk/cgi-bin/merops.cgi?id=I43.950\">MEROPS</a><!--,--> <a href=\"http://www.sanger.ac.uk/perl/genetics/CGP/cosmic?action=gene&amp;ln=A1BG\">COSMIC</a><!--,--> <!--,--> <!--,--> <!--,--> <!--,--> <!--,--> ","Specialist_Database_IDs":["","","","","","","","","","I43.950","A1BG","","","","","",""],"Pubmed_IDs":["2591067"],"RefSeq_IDs":["NM_130786"],"Record_Type":"Standard","Primary_IDs":[],"Secondary_IDs":[],"CCDS_IDs":["CCDS12976.1"],"VEGA_IDs":[],"mapped_GDB_ID":"GDB:119638","mapped_Entrez_Gene_ID":"1","mapped_OMIM_ID":"138670","mapped_RefSeq":"NM_130786","UniProt_ID":"P04217","mapped_Ensembl_ID":"ENSG00000121410","UCSC_ID":"uc002qsd.4","mapped_Mouse_Genome_Database_ID":"MGI:2152878","mapped_Rat_Genome_Database_ID":"RGD:69417"}
.	0	0	{"HGNC_ID":"HGNC:37133","Approved_Symbol":"A1BG-AS1","Approved_Name":"A1BG antisense RNA 1","Status":"Approved","Locus_Type":"RNA, long non-coding","Locus_Group":"non-coding RNA","Previous_Symbols":["NCRNA00181","A1BGAS","A1BG-AS"],"Previous_Names":["\"non-protein coding RNA 181\"","\"A1BG antisense RNA (non-protein coding)\"","\"A1BG antisense RNA 1 (non-protein coding)\""],"Synonyms":["FLJ23569"],"Name_Synonyms":[],"Chromosome":"19q13.4","Date_Approved":"2009-07-20","Date_Modified":"2012-10-12","Date_Symbol_Changed":"2010-11-25","Date_Name_Changed":"2012-08-15","Accession_Numbers":["BC040926"],"Enzyme_IDs":[],"Entrez_Gene_ID":"503538","Specialist_Database_Links":"<!--,--> <!--,--> <!--,--> <!--,--> <!--,--> <!--,--> <!--,--> <!--,--> <!--,--> <!--,--> <!--,--> <!--,--> <!--,--> <!--,--> <!--,--> <!--,--> ","Specialist_Database_IDs":["","","","","","","","","","","","","","","","",""],"Pubmed_IDs":[],"RefSeq_IDs":["NR_015380"],"Gene_Family_Tag":"LNCRNA, ANTISENSE","Gene_family_description":"\"-\", \"ncRNAs / Long non-coding RNAs, antisense\"","Record_Type":"Standard","Primary_IDs":[],"Secondary_IDs":[],"CCDS_IDs":[],"VEGA_IDs":[],"mapped_Entrez_Gene_ID":"503538","mapped_RefSeq":"NR_015380","UCSC_ID":"uc002qsg.3"}
.	0	0	{"HGNC_ID":"HGNC:24086","Approved_Symbol":"A1CF","Approved_Name":"APOBEC1 complementation factor","Status":"Approved","Locus_Type":"gene with protein product","Locus_Group":"protein-coding gene","Previous_Symbols":[],"Previous_Names":[],"Synonyms":["ACF","ASP","ACF64","ACF65","APOBEC1CF"],"Name_Synonyms":[],"Chromosome":"10q21.1","Date_Approved":"2007-11-23","Date_Modified":"2011-07-21","Accession_Numbers":["AF271790"],"Enzyme_IDs":[],"Entrez_Gene_ID":"29974","Ensembl_Gene_ID":"ENSG00000148584","Mouse_Genome_Database_ID":"MGI:1917115","Specialist_Database_Links":"<!--,--> <!--,--> <!--,--> <!--,--> <!--,--> <!--,--> <!--,--> <!--,--> <!--,--> <!--,--> <a href=\"http://www.sanger.ac.uk/perl/genetics/CGP/cosmic?action=gene&amp;ln=A1CF\">COSMIC</a><!--,--> <!--,--> <!--,--> <!--,--> <!--,--> <!--,--> ","Specialist_Database_IDs":["","","","","","","","","","","A1CF","","","","","",""],"Pubmed_IDs":["11815617","11072063"],"RefSeq_IDs":["NM_014576"],"Record_Type":"Standard","Primary_IDs":[],"Secondary_IDs":[],"CCDS_IDs":["CCDS7241.1","CCDS7242.1","CCDS7243.1"],"VEGA_IDs":["OTTHUMG00000018240"],"mapped_Entrez_Gene_ID":"29974","mapped_RefSeq":"NM_001198818","UniProt_ID":"Q9NQ94","mapped_Ensembl_ID":"ENSG00000148584","UCSC_ID":"uc001jjj.3","mapped_Mouse_Genome_Database_ID":"MGI:1917115","mapped_Rat_Genome_Database_ID":"RGD:619834"}
.	0	0	{"HGNC_ID":"HGNC:6","Approved_Symbol":"A1S9T~withdrawn","Approved_Name":"symbol withdrawn, see UBA1","Status":"Symbol Withdrawn","Locus_Type":"withdrawn","Locus_Group":"withdrawn","Previous_Symbols":[],"Previous_Names":[],"Synonyms":[],"Name_Synonyms":[],"Date_Modified":"2007-12-14","Accession_Numbers":[],"Enzyme_IDs":[],"Specialist_Database_IDs":["","","","","","","","","","","","","","","","",""],"Pubmed_IDs":[],"RefSeq_IDs":[],"Record_Type":"Standard","Primary_IDs":[],"Secondary_IDs":[],"CCDS_IDs":[],"VEGA_IDs":[]}
.	0	0	{"HGNC_ID":"HGNC:7","Approved_Symbol":"A2M","Approved_Name":"alpha-2-macroglobulin","Status":"Approved","Locus_Type":"gene with protein product","Locus_Group":"protein-coding gene","Previous_Symbols":[],"Previous_Names":[],"Synonyms":["FWP007","S863-7","CPAMD5"],"Name_Synonyms":[],"Chromosome":"12p13.31","Date_Approved":"1986-01-01","Date_Modified":"2010-02-24","Accession_Numbers":["BX647329","X68728","M11313"],"Enzyme_IDs":[],"Entrez_Gene_ID":"2","Ensembl_Gene_ID":"ENSG00000175899","Mouse_Genome_Database_ID":"MGI:2449119","Specialist_Database_Links":"<!--,--> <!--,--> <!--,--> <!--,--> <!--,--> <!--,--> <!--,--> <!--,--> <!--,--> <a href=\"http://merops.sanger.ac.uk/cgi-bin/merops.cgi?id=I39.001\">MEROPS</a><!--,--> <a href=\"http://www.sanger.ac.uk/perl/genetics/CGP/cosmic?action=gene&amp;ln=A2M\">COSMIC</a><!--,--> <!--,--> <!--,--> <!--,--> <!--,--> <!--,--> ","Specialist_Database_IDs":["","","","","","","","","","I39.001","A2M","","","","","",""],"Pubmed_IDs":[],"RefSeq_IDs":["NM_000014"],"Record_Type":"Standard","Primary_IDs":[],"Secondary_IDs":[],"CCDS_IDs":["CCDS44827.1"],"VEGA_IDs":["OTTHUMG00000150267"],"mapped_GDB_ID":"GDB:119639","mapped_Entrez_Gene_ID":"2","mapped_OMIM_ID":"103950","mapped_RefSeq":"NM_000014","UniProt_ID":"P01023","mapped_Ensembl_ID":"ENSG00000175899","UCSC_ID":"uc001qvk.1","mapped_Mouse_Genome_Database_ID":"MGI:2449119","mapped_Rat_Genome_Database_ID":"RGD:2004"}
.	0	0	{"HGNC_ID":"HGNC:27057","Approved_Symbol":"A2M-AS1","Approved_Name":"A2M antisense RNA 1","Status":"Approved","Locus_Type":"RNA, long non-coding","Locus_Group":"non-coding RNA","Previous_Symbols":[],"Previous_Names":["\"A2M antisense RNA 1 (non-protein coding)\""],"Synonyms":[],"Name_Synonyms":[],"Chromosome":"12p13.31","Date_Approved":"2012-06-23","Date_Modified":"2012-10-12","Date_Name_Changed":"2012-08-15","Accession_Numbers":[],"Enzyme_IDs":[],"Entrez_Gene_ID":"144571","Ensembl_Gene_ID":"ENSG00000245105","Specialist_Database_Links":"<!--,--> <!--,--> <!--,--> <!--,--> <!--,--> <!--,--> <!--,--> <!--,--> <!--,--> <!--,--> <!--,--> <!--,--> <!--,--> <!--,--> <!--,--> <!--,--> ","Specialist_Database_IDs":["","","","","","","","","","","","","","","","",""],"Pubmed_IDs":[],"RefSeq_IDs":["NR_026971"],"Gene_Family_Tag":"LNCRNA, ANTISENSE","Gene_family_description":"\"-\", \"ncRNAs / Long non-coding RNAs, antisense\"","Record_Type":"Standard","Primary_IDs":[],"Secondary_IDs":[],"CCDS_IDs":[],"VEGA_IDs":["OTTHUMG00000168289"],"mapped_Entrez_Gene_ID":"144571","mapped_RefSeq":"NR_026971"}
.	0	0	{"HGNC_ID":"HGNC:23336","Approved_Symbol":"A2ML1","Approved_Name":"alpha-2-macroglobulin-like 1","Status":"Approved","Locus_Type":"gene with protein product","Locus_Group":"protein-coding gene","Previous_Symbols":["CPAMD9"],"Previous_Names":["\"C3 and PZP-like","alpha-2-macroglobulin domain containing 9\""],"Synonyms":["FLJ25179"],"Name_Synonyms":[],"Chromosome":"12p13","Date_Approved":"2005-07-20","Date_Modified":"2010-12-14","Date_Symbol_Changed":"2005-09-01","Date_Name_Changed":"2005-09-01","Accession_Numbers":["AK057908"],"Enzyme_IDs":[],"Entrez_Gene_ID":"144568","Ensembl_Gene_ID":"ENSG00000166535","Specialist_Database_Links":"<!--,--> <!--,--> <!--,--> <!--,--> <!--,--> <!--,--> <!--,--> <!--,--> <!--,--> <a href=\"http://merops.sanger.ac.uk/cgi-bin/merops.cgi?id=I39.007\">MEROPS</a><!--,--> <a href=\"http://www.sanger.ac.uk/perl/genetics/CGP/cosmic?action=gene&amp;ln=A2ML1\">COSMIC</a><!--,--> <!--,--> <!--,--> <!--,--> <!--,--> <!--,--> ","Specialist_Database_IDs":["","","","","","","","","","I39.007","A2ML1","","","","","",""],"Pubmed_IDs":["16298998"],"RefSeq_IDs":["NM_144670"],"Record_Type":"Standard","Primary_IDs":[],"Secondary_IDs":[],"CCDS_IDs":["CCDS8596.2"],"VEGA_IDs":["OTTHUMG00000128499"],"mapped_Entrez_Gene_ID":"144568","mapped_OMIM_ID":"610627","mapped_RefSeq":"NM_144670","UniProt_ID":"A8K2U0","mapped_Ensembl_ID":"ENSG00000166535","UCSC_ID":"uc001quz.4","mapped_Mouse_Genome_Database_ID":"MGI:3648717","mapped_Rat_Genome_Database_ID":"RGD:1302962"}
.	0	0	{"HGNC_ID":"HGNC:41022","Approved_Symbol":"A2ML1-AS1","Approved_Name":"A2ML1 antisense RNA 1","Status":"Approved","Locus_Type":"RNA, long non-coding","Locus_Group":"non-coding RNA","Previous_Symbols":[],"Previous_Names":["\"A2ML1 antisense RNA 1 (non-protein coding)\""],"Synonyms":[],"Name_Synonyms":[],"Chromosome":"12p13.31","Date_Approved":"2011-05-05","Date_Modified":"2012-10-12","Date_Symbol_Changed":"2011-05-05","Date_Name_Changed":"2012-08-15","Accession_Numbers":[],"Enzyme_IDs":[],"Ensembl_Gene_ID":"ENSG00000256661","Specialist_Database_Links":"<!--,--> <!--,--> <!--,--> <!--,--> <!--,--> <!--,--> <!--,--> <!--,--> <!--,--> <!--,--> <!--,--> <!--,--> <!--,--> <!--,--> <!--,--> <!--,--> ","Specialist_Database_IDs":["","","","","","","","","","","","","","","","",""],"Pubmed_IDs":[],"RefSeq_IDs":[],"Gene_Family_Tag":"LNCRNA, ANTISENSE","Gene_family_description":"\"-\", \"ncRNAs / Long non-coding RNAs, antisense\"","Record_Type":"Standard","Primary_IDs":[],"Secondary_IDs":[],"CCDS_IDs":[],"VEGA_IDs":["OTTHUMG00000168273"],"mapped_Entrez_Gene_ID":"100874108","mapped_Ensembl_ID":"ENSG00000256661"}
.	0	0	{"HGNC_ID":"HGNC:41523","Approved_Symbol":"A2ML1-AS2","Approved_Name":"A2ML1 antisense RNA 2","Status":"Approved","Locus_Type":"RNA, long non-coding","Locus_Group":"non-coding RNA","Previous_Symbols":[],"Previous_Names":["\"A2ML1 antisense RNA 2 (non-protein coding)\""],"Synonyms":[],"Name_Synonyms":[],"Chromosome":"12p13.31","Date_Approved":"2011-05-05","Date_Modified":"2012-10-12","Date_Name_Changed":"2012-08-15","Accession_Numbers":[],"Enzyme_IDs":[],"Ensembl_Gene_ID":"ENSG00000256904","Specialist_Database_Links":"<!--,--> <!--,--> <!--,--> <!--,--> <!--,--> <!--,--> <!--,--> <!--,--> <!--,--> <!--,--> <!--,--> <!--,--> <!--,--> <!--,--> <!--,--> <!--,--> ","Specialist_Database_IDs":["","","","","","","","","","","","","","","","",""],"Pubmed_IDs":[],"RefSeq_IDs":[],"Gene_Family_Tag":"LNCRNA, ANTISENSE","Gene_family_description":"\"-\", \"ncRNAs / Long non-coding RNAs, antisense\"","Record_Type":"Standard","Primary_IDs":[],"Secondary_IDs":[],"CCDS_IDs":[],"VEGA_IDs":["OTTHUMG00000168274"],"mapped_Ensembl_ID":"ENSG00000256904"}
